*** PICOBIT ERROR -- variable referenced before its definition: bar at #f:#f
