*** PICOBIT ERROR -- cannot mutate primitive car at #f:#f
