*** PICOBIT ERROR -- undefined variable: toto at #f:#f
