45897500835
45897500835
45897500835
45897500835
45897500835
45897500835
45897500835
45897500835
45897500835
45897500835
45897500835
45897500835
