#t
#t
0
4
(1 2 3 4 #<symbol> #<symbol> #<symbol> #<symbol>)
(100 99 98 97)
abcd
(97 98 99 100)
5
