3
45
45897500835
10000
#t
#t
#t
#t
#t
#t
#t
#t
#t
#t
#t
#t
#t
#t
