32768 -> 32768
1000000 -> 1000000
-32768 -> -32768
-70000 -> -70000
0 -> 0
