0 1 2 3 4 5 
10 11 12 1 2 3 4 17 18 19 
20 21 20 21 12 1 2 3 4 29 
