ERROR: car.2: An argument of type pair was expected
